// Jest Snapshot v1, https://goo.gl/fbAQLP

exports[`Bar should render bar 1`] = `
<div
  className=""
/>
`;
