// Jest Snapshot v1, https://goo.gl/fbAQLP

exports[`Button should render button 1`] = `
<styled.div>
  Test Button
</styled.div>
`;
