// Jest Snapshot v1, https://goo.gl/fbAQLP

exports[`Content should render without Content 1`] = `
<div
  className=""
/>
`;
